[INFO] Scanning for projects...
[INFO] 
[INFO] --------------------------< com.PL:pig-ranch >--------------------------
[INFO] Building pig-ranch 0.0.1-SNAPSHOT
[INFO]   from pom.xml
[INFO] --------------------------------[ jar ]---------------------------------
[WARNING] 6 problems were encountered while building the effective model for org.openjfx:javafx-controls:jar:17 during dependency collection step for project (use -X to see details)
[INFO] 
[INFO] --- resources:3.3.1:resources (default-resources) @ pig-ranch ---
[INFO] Copying 1 resource from src\main\resources to target\classes
[INFO] Copying 4 resources from src\main\resources to target\classes
[INFO] 
[INFO] --- compiler:3.13.0:compile (default-compile) @ pig-ranch ---
[INFO] Nothing to compile - all classes are up to date.
[INFO] 
[INFO] --- resources:3.3.1:testResources (default-testResources) @ pig-ranch ---
[INFO] skip non existing resourceDirectory C:\Users\pliab\OneDrive - Western Governors University\Desktop\Coding Projects\Client and Inventory Management App\pig-ranch\src\test\resources
[INFO] 
[INFO] --- compiler:3.13.0:testCompile (default-testCompile) @ pig-ranch ---
[INFO] Nothing to compile - all classes are up to date.
[INFO] 
[INFO] --- surefire:3.5.2:test (default-test) @ pig-ranch ---
[INFO] Using auto detected provider org.apache.maven.surefire.junitplatform.JUnitPlatformProvider
[INFO] 
[INFO] -------------------------------------------------------
[INFO]  T E S T S
[INFO] -------------------------------------------------------
[INFO] Running com.PL.pig_ranch.PigRanchApplicationTests
20:26:06.757 [main] INFO org.springframework.test.context.support.AnnotationConfigContextLoaderUtils -- Could not detect default configuration classes for test class [com.PL.pig_ranch.PigRanchApplicationTests]: PigRanchApplicationTests does not declare any static, non-private, non-final, nested classes annotated with @Configuration.
20:26:06.837 [main] INFO org.springframework.boot.test.context.SpringBootTestContextBootstrapper -- Found @SpringBootConfiguration com.PL.pig_ranch.PigRanchApplication for test class com.PL.pig_ranch.PigRanchApplicationTests

  .   ____          _            __ _ _
 /\\ / ___'_ __ _ _(_)_ __  __ _ \ \ \ \
( ( )\___ | '_ | '_| | '_ \/ _` | \ \ \ \
 \\/  ___)| |_)| | | | | || (_| |  ) ) ) )
  '  |____| .__|_| |_|_| |_\__, | / / / /
 =========|_|==============|___/=/_/_/_/

 :: Spring Boot ::                (v3.4.2)

2026-02-15T20:26:07.134-08:00  INFO 7096 --- [pig-ranch] [           main] c.PL.pig_ranch.PigRanchApplicationTests  : Starting PigRanchApplicationTests using Java 21.0.5 with PID 7096 (started by plia in C:\Users\pliab\OneDrive - Western Governors University\Desktop\Coding Projects\Client and Inventory Management App\pig-ranch)
2026-02-15T20:26:07.135-08:00  INFO 7096 --- [pig-ranch] [           main] c.PL.pig_ranch.PigRanchApplicationTests  : No active profile set, falling back to 1 default profile: "default"
2026-02-15T20:26:07.462-08:00  INFO 7096 --- [pig-ranch] [           main] .s.d.r.c.RepositoryConfigurationDelegate : Bootstrapping Spring Data JPA repositories in DEFAULT mode.
2026-02-15T20:26:07.508-08:00  INFO 7096 --- [pig-ranch] [           main] .s.d.r.c.RepositoryConfigurationDelegate : Finished Spring Data repository scanning in 39 ms. Found 2 JPA repository interfaces.
2026-02-15T20:26:07.855-08:00  INFO 7096 --- [pig-ranch] [           main] o.hibernate.jpa.internal.util.LogHelper  : HHH000204: Processing PersistenceUnitInfo [name: default]
2026-02-15T20:26:07.906-08:00  INFO 7096 --- [pig-ranch] [           main] org.hibernate.Version                    : HHH000412: Hibernate ORM core version 6.6.5.Final
2026-02-15T20:26:07.933-08:00  INFO 7096 --- [pig-ranch] [           main] o.h.c.internal.RegionFactoryInitiator    : HHH000026: Second-level cache disabled
2026-02-15T20:26:08.149-08:00  INFO 7096 --- [pig-ranch] [           main] o.s.o.j.p.SpringPersistenceUnitInfo      : No LoadTimeWeaver setup: ignoring JPA class transformer
2026-02-15T20:26:08.174-08:00  INFO 7096 --- [pig-ranch] [           main] com.zaxxer.hikari.HikariDataSource       : HikariPool-1 - Starting...
2026-02-15T20:26:08.372-08:00  INFO 7096 --- [pig-ranch] [           main] com.zaxxer.hikari.pool.HikariPool        : HikariPool-1 - Added connection conn0: url=jdbc:h2:file:./data/pigranch user=SA
2026-02-15T20:26:08.374-08:00  INFO 7096 --- [pig-ranch] [           main] com.zaxxer.hikari.HikariDataSource       : HikariPool-1 - Start completed.
2026-02-15T20:26:08.425-08:00  INFO 7096 --- [pig-ranch] [           main] org.hibernate.orm.connections.pooling    : HHH10001005: Database info:
	Database JDBC URL [Connecting through datasource 'HikariDataSource (HikariPool-1)']
	Database driver: undefined/unknown
	Database version: 2.3.232
	Autocommit mode: undefined/unknown
	Isolation level: undefined/unknown
	Minimum pool size: undefined/unknown
	Maximum pool size: undefined/unknown
2026-02-15T20:26:09.073-08:00  INFO 7096 --- [pig-ranch] [           main] o.h.e.t.j.p.i.JtaPlatformInitiator       : HHH000489: No JTA platform available (set 'hibernate.transaction.jta.platform' to enable JTA platform integration)
2026-02-15T20:26:09.115-08:00  INFO 7096 --- [pig-ranch] [           main] j.LocalContainerEntityManagerFactoryBean : Initialized JPA EntityManagerFactory for persistence unit 'default'
2026-02-15T20:26:09.554-08:00  INFO 7096 --- [pig-ranch] [           main] c.PL.pig_ranch.PigRanchApplicationTests  : Started PigRanchApplicationTests in 2.62 seconds (process running for 3.343)
Hibernate: select count(*) from household h1_0
--- Database already seeded, skipping ---
.\mvnw.cmd : Mockito is currently 
self-attaching to enable the 
inline-mock-maker. This will no 
longer work in future releases of 
the JDK. Please add Mockito as an 
agent to your build what is 
described in Mockito's 
documentation: https://javadoc.io/do
c/org.mockito/mockito-core/latest/or
g/mockito/Mockito.html#0.3
At line:1 char:1
+ .\mvnw.cmd test > test_output.txt 
2>&1
+ ~~~~~~~~~~~~~~~~~~~~~~~~~~~~~~~~~~
~~~~
    + CategoryInfo          : NotSp 
   ecified: (Mockito is curr...ock  
  ito.html#0.3:String) [], Remote   
 Exception
    + FullyQualifiedErrorId : Nativ 
   eCommandError
 
WARNING: A Java agent has been 
loaded dynamically (C:\Users\pliab\.
m2\repository\net\bytebuddy\byte-bud
dy-agent\1.15.11\byte-buddy-agent-1.
15.11.jar)
WARNING: If a serviceability tool 
is in use, please run with 
-XX:+EnableDynamicAgentLoading to 
hide this warning
WARNING: If a serviceability tool 
is not in use, please run with 
-Djdk.instrument.traceUsage for 
more information
WARNING: Dynamic loading of agents 
will be disallowed by default in a 
future release
Java HotSpot(TM) 64-Bit Server VM 
warning: Sharing is only supported 
for boot loader classes because 
bootstrap classpath has been 
appended
[INFO] Tests run: 1, Failures: 0, Errors: 0, Skipped: 0, Time elapsed: 3.577 s -- in com.PL.pig_ranch.PigRanchApplicationTests
[INFO] Running com.PL.pig_ranch.repository.ClientRepositoryIntegrationTest
2026-02-15T20:26:10.207-08:00  INFO 7096 --- [pig-ranch] [           main] t.c.s.AnnotationConfigContextLoaderUtils : Could not detect default configuration classes for test class [com.PL.pig_ranch.repository.ClientRepositoryIntegrationTest]: ClientRepositoryIntegrationTest does not declare any static, non-private, non-final, nested classes annotated with @Configuration.
2026-02-15T20:26:10.248-08:00  INFO 7096 --- [pig-ranch] [           main] .b.t.c.SpringBootTestContextBootstrapper : Found @SpringBootConfiguration com.PL.pig_ranch.PigRanchApplication for test class com.PL.pig_ranch.repository.ClientRepositoryIntegrationTest

  .   ____          _            __ _ _
 /\\ / ___'_ __ _ _(_)_ __  __ _ \ \ \ \
( ( )\___ | '_ | '_| | '_ \/ _` | \ \ \ \
 \\/  ___)| |_)| | | | | || (_| |  ) ) ) )
  '  |____| .__|_| |_|_| |_\__, | / / / /
 =========|_|==============|___/=/_/_/_/

 :: Spring Boot ::                (v3.4.2)

2026-02-15T20:26:10.279-08:00  INFO 7096 --- [pig-ranch] [           main] c.P.p.r.ClientRepositoryIntegrationTest  : Starting ClientRepositoryIntegrationTest using Java 21.0.5 with PID 7096 (started by plia in C:\Users\pliab\OneDrive - Western Governors University\Desktop\Coding Projects\Client and Inventory Management App\pig-ranch)
2026-02-15T20:26:10.279-08:00  INFO 7096 --- [pig-ranch] [           main] c.P.p.r.ClientRepositoryIntegrationTest  : No active profile set, falling back to 1 default profile: "default"
2026-02-15T20:26:10.354-08:00  INFO 7096 --- [pig-ranch] [           main] .s.d.r.c.RepositoryConfigurationDelegate : Bootstrapping Spring Data JPA repositories in DEFAULT mode.
2026-02-15T20:26:10.368-08:00  INFO 7096 --- [pig-ranch] [           main] .s.d.r.c.RepositoryConfigurationDelegate : Finished Spring Data repository scanning in 13 ms. Found 2 JPA repository interfaces.
2026-02-15T20:26:10.380-08:00  INFO 7096 --- [pig-ranch] [           main] beddedDataSourceBeanFactoryPostProcessor : Replacing 'dataSource' DataSource bean with embedded version
2026-02-15T20:26:10.403-08:00  INFO 7096 --- [pig-ranch] [           main] o.s.j.d.e.EmbeddedDatabaseFactory        : Starting embedded database: url='jdbc:h2:mem:9990fa9f-6209-49b2-8a2d-52f91a58a960;DB_CLOSE_DELAY=-1;DB_CLOSE_ON_EXIT=false', username='sa'
2026-02-15T20:26:10.424-08:00  INFO 7096 --- [pig-ranch] [           main] o.hibernate.jpa.internal.util.LogHelper  : HHH000204: Processing PersistenceUnitInfo [name: default]
2026-02-15T20:26:10.426-08:00  INFO 7096 --- [pig-ranch] [           main] o.h.c.internal.RegionFactoryInitiator    : HHH000026: Second-level cache disabled
2026-02-15T20:26:10.442-08:00  INFO 7096 --- [pig-ranch] [           main] o.s.o.j.p.SpringPersistenceUnitInfo      : No LoadTimeWeaver setup: ignoring JPA class transformer
2026-02-15T20:26:10.444-08:00  INFO 7096 --- [pig-ranch] [           main] org.hibernate.orm.connections.pooling    : HHH10001005: Database info:
	Database JDBC URL [Connecting through datasource 'org.springframework.jdbc.datasource.embedded.EmbeddedDatabaseFactory$EmbeddedDataSourceProxy@4f45290f']
	Database driver: undefined/unknown
	Database version: 2.3.232
	Autocommit mode: undefined/unknown
	Isolation level: undefined/unknown
	Minimum pool size: undefined/unknown
	Maximum pool size: undefined/unknown
2026-02-15T20:26:10.490-08:00  INFO 7096 --- [pig-ranch] [           main] o.h.e.t.j.p.i.JtaPlatformInitiator       : HHH000489: No JTA platform available (set 'hibernate.transaction.jta.platform' to enable JTA platform integration)
Hibernate: create table client (id bigint generated by default as identity, email varchar(255), name varchar(255) not null, notes varchar(255), phone_number varchar(255), household_id bigint, primary key (id))
Hibernate: create table household (id bigint generated by default as identity, address varchar(255), city varchar(255), state varchar(255), surname varchar(255), zip_code varchar(255), referred_by_id bigint, primary key (id))
Hibernate: alter table if exists client add constraint FKqvpjb1rp3xt7dwtbu9vv0gdso foreign key (household_id) references household
Hibernate: alter table if exists household add constraint FKf3xnnuxsmaiy97sixdya29y4f foreign key (referred_by_id) references client
2026-02-15T20:26:10.501-08:00  INFO 7096 --- [pig-ranch] [           main] j.LocalContainerEntityManagerFactoryBean : Initialized JPA EntityManagerFactory for persistence unit 'default'
2026-02-15T20:26:10.537-08:00  INFO 7096 --- [pig-ranch] [           main] c.P.p.r.ClientRepositoryIntegrationTest  : Started ClientRepositoryIntegrationTest in 0.284 seconds (process running for 4.325)
Hibernate: select count(*) from household h1_0
Hibernate: insert into household (address,city,referred_by_id,state,surname,zip_code,id) values (?,?,?,?,?,?,default)
Hibernate: insert into household (address,city,referred_by_id,state,surname,zip_code,id) values (?,?,?,?,?,?,default)
Hibernate: insert into client (email,household_id,name,notes,phone_number,id) values (?,?,?,?,?,default)
Hibernate: insert into client (email,household_id,name,notes,phone_number,id) values (?,?,?,?,?,default)
Hibernate: insert into client (email,household_id,name,notes,phone_number,id) values (?,?,?,?,?,default)
--- Data Seeding Completed ---
Hibernate: insert into household (address,city,referred_by_id,state,surname,zip_code,id) values (?,?,?,?,?,?,default)
Hibernate: insert into client (email,household_id,name,notes,phone_number,id) values (?,?,?,?,?,default)
Hibernate: insert into client (email,household_id,name,notes,phone_number,id) values (?,?,?,?,?,default)
Hibernate: select c1_0.id from client c1_0 where c1_0.name=? and c1_0.phone_number=? fetch first ? rows only
Hibernate: select c1_0.id from client c1_0 where c1_0.name=? and c1_0.phone_number=? fetch first ? rows only
[INFO] Tests run: 2, Failures: 0, Errors: 0, Skipped: 0, Time elapsed: 0.436 s -- in com.PL.pig_ranch.repository.ClientRepositoryIntegrationTest
[INFO] Running com.PL.pig_ranch.service.ClientServiceIntegrationTest
2026-02-15T20:26:10.639-08:00  INFO 7096 --- [pig-ranch] [           main] t.c.s.AnnotationConfigContextLoaderUtils : Could not detect default configuration classes for test class [com.PL.pig_ranch.service.ClientServiceIntegrationTest]: ClientServiceIntegrationTest does not declare any static, non-private, non-final, nested classes annotated with @Configuration.
2026-02-15T20:26:10.648-08:00  INFO 7096 --- [pig-ranch] [           main] .b.t.c.SpringBootTestContextBootstrapper : Found @SpringBootConfiguration com.PL.pig_ranch.PigRanchApplication for test class com.PL.pig_ranch.service.ClientServiceIntegrationTest
Hibernate: insert into household (address,city,referred_by_id,state,surname,zip_code,id) values (?,?,?,?,?,?,default)
Hibernate: insert into client (email,household_id,name,notes,phone_number,id) values (?,?,?,?,?,default)
Hibernate: insert into client (email,household_id,name,notes,phone_number,id) values (?,?,?,?,?,default)
Hibernate: insert into client (email,household_id,name,notes,phone_number,id) values (?,?,?,?,?,default)
Hibernate: select c1_0.id,c1_0.email,c1_0.household_id,c1_0.name,c1_0.notes,c1_0.phone_number from client c1_0
Hibernate: select h1_0.id,h1_0.address,h1_0.city,rb1_0.id,rb1_0.email,h2_0.id,h2_0.address,h2_0.city,h2_0.referred_by_id,h2_0.state,h2_0.surname,h2_0.zip_code,rb1_0.name,rb1_0.notes,rb1_0.phone_number,h1_0.state,h1_0.surname,h1_0.zip_code from household h1_0 left join client rb1_0 on rb1_0.id=h1_0.referred_by_id left join household h2_0 on h2_0.id=rb1_0.household_id where h1_0.id=?
Hibernate: select h1_0.id,h1_0.address,h1_0.city,rb1_0.id,rb1_0.email,h2_0.id,h2_0.address,h2_0.city,h2_0.referred_by_id,h2_0.state,h2_0.surname,h2_0.zip_code,rb1_0.name,rb1_0.notes,rb1_0.phone_number,h1_0.state,h1_0.surname,h1_0.zip_code from household h1_0 left join client rb1_0 on rb1_0.id=h1_0.referred_by_id left join household h2_0 on h2_0.id=rb1_0.household_id where h1_0.id=?
Hibernate: select h1_0.id,h1_0.address,h1_0.city,rb1_0.id,rb1_0.email,h2_0.id,h2_0.address,h2_0.city,h2_0.referred_by_id,h2_0.state,h2_0.surname,h2_0.zip_code,rb1_0.name,rb1_0.notes,rb1_0.phone_number,h1_0.state,h1_0.surname,h1_0.zip_code from household h1_0 left join client rb1_0 on rb1_0.id=h1_0.referred_by_id left join household h2_0 on h2_0.id=rb1_0.household_id where h1_0.id=?
Hibernate: select h1_0.id,h1_0.address,h1_0.city,rb1_0.id,rb1_0.email,h2_0.id,h2_0.address,h2_0.city,h2_0.referred_by_id,h2_0.state,h2_0.surname,h2_0.zip_code,rb1_0.name,rb1_0.notes,rb1_0.phone_number,h1_0.state,h1_0.surname,h1_0.zip_code from household h1_0 left join client rb1_0 on rb1_0.id=h1_0.referred_by_id left join household h2_0 on h2_0.id=rb1_0.household_id where h1_0.id=?
Hibernate: select h1_0.id,h1_0.address,h1_0.city,rb1_0.id,rb1_0.email,h2_0.id,h2_0.address,h2_0.city,h2_0.referred_by_id,h2_0.state,h2_0.surname,h2_0.zip_code,rb1_0.name,rb1_0.notes,rb1_0.phone_number,h1_0.state,h1_0.surname,h1_0.zip_code from household h1_0 left join client rb1_0 on rb1_0.id=h1_0.referred_by_id left join household h2_0 on h2_0.id=rb1_0.household_id where h1_0.id=?
Hibernate: select h1_0.id,h1_0.address,h1_0.city,rb1_0.id,rb1_0.email,h2_0.id,h2_0.address,h2_0.city,h2_0.referred_by_id,h2_0.state,h2_0.surname,h2_0.zip_code,rb1_0.name,rb1_0.notes,rb1_0.phone_number,h1_0.state,h1_0.surname,h1_0.zip_code from household h1_0 left join client rb1_0 on rb1_0.id=h1_0.referred_by_id left join household h2_0 on h2_0.id=rb1_0.household_id where h1_0.id=?
Hibernate: select h1_0.id,h1_0.address,h1_0.city,rb1_0.id,rb1_0.email,h2_0.id,h2_0.address,h2_0.city,h2_0.referred_by_id,h2_0.state,h2_0.surname,h2_0.zip_code,rb1_0.name,rb1_0.notes,rb1_0.phone_number,h1_0.state,h1_0.surname,h1_0.zip_code from household h1_0 left join client rb1_0 on rb1_0.id=h1_0.referred_by_id left join household h2_0 on h2_0.id=rb1_0.household_id where h1_0.id=?
Hibernate: select h1_0.id,h1_0.address,h1_0.city,rb1_0.id,rb1_0.email,h2_0.id,h2_0.address,h2_0.city,h2_0.referred_by_id,h2_0.state,h2_0.surname,h2_0.zip_code,rb1_0.name,rb1_0.notes,rb1_0.phone_number,h1_0.state,h1_0.surname,h1_0.zip_code from household h1_0 left join client rb1_0 on rb1_0.id=h1_0.referred_by_id left join household h2_0 on h2_0.id=rb1_0.household_id where h1_0.id=?
Hibernate: select h1_0.id,h1_0.address,h1_0.city,rb1_0.id,rb1_0.email,h2_0.id,h2_0.address,h2_0.city,h2_0.referred_by_id,h2_0.state,h2_0.surname,h2_0.zip_code,rb1_0.name,rb1_0.notes,rb1_0.phone_number,h1_0.state,h1_0.surname,h1_0.zip_code from household h1_0 left join client rb1_0 on rb1_0.id=h1_0.referred_by_id left join household h2_0 on h2_0.id=rb1_0.household_id where h1_0.id=?
Hibernate: select h1_0.id,h1_0.address,h1_0.city,rb1_0.id,rb1_0.email,h2_0.id,h2_0.address,h2_0.city,h2_0.referred_by_id,h2_0.state,h2_0.surname,h2_0.zip_code,rb1_0.name,rb1_0.notes,rb1_0.phone_number,h1_0.state,h1_0.surname,h1_0.zip_code from household h1_0 left join client rb1_0 on rb1_0.id=h1_0.referred_by_id left join household h2_0 on h2_0.id=rb1_0.household_id where h1_0.id=?
Hibernate: select h1_0.id,h1_0.address,h1_0.city,rb1_0.id,rb1_0.email,h2_0.id,h2_0.address,h2_0.city,h2_0.referred_by_id,h2_0.state,h2_0.surname,h2_0.zip_code,rb1_0.name,rb1_0.notes,rb1_0.phone_number,h1_0.state,h1_0.surname,h1_0.zip_code from household h1_0 left join client rb1_0 on rb1_0.id=h1_0.referred_by_id left join household h2_0 on h2_0.id=rb1_0.household_id where h1_0.id=?
Hibernate: select h1_0.id,h1_0.address,h1_0.city,rb1_0.id,rb1_0.email,h2_0.id,h2_0.address,h2_0.city,h2_0.referred_by_id,h2_0.state,h2_0.surname,h2_0.zip_code,rb1_0.name,rb1_0.notes,rb1_0.phone_number,h1_0.state,h1_0.surname,h1_0.zip_code from household h1_0 left join client rb1_0 on rb1_0.id=h1_0.referred_by_id left join household h2_0 on h2_0.id=rb1_0.household_id where h1_0.id=?
Hibernate: select h1_0.id,h1_0.address,h1_0.city,rb1_0.id,rb1_0.email,h2_0.id,h2_0.address,h2_0.city,h2_0.referred_by_id,h2_0.state,h2_0.surname,h2_0.zip_code,rb1_0.name,rb1_0.notes,rb1_0.phone_number,h1_0.state,h1_0.surname,h1_0.zip_code from household h1_0 left join client rb1_0 on rb1_0.id=h1_0.referred_by_id left join household h2_0 on h2_0.id=rb1_0.household_id where h1_0.id=?
Hibernate: insert into client (email,household_id,name,notes,phone_number,id) values (?,?,?,?,?,default)
Hibernate: select c1_0.id from client c1_0 where c1_0.name=? and c1_0.phone_number=? fetch first ? rows only
Hibernate: select c1_0.id from client c1_0 where c1_0.name=? and c1_0.phone_number=? fetch first ? rows only
[INFO] Tests run: 3, Failures: 0, Errors: 0, Skipped: 0, Time elapsed: 0.053 s -- in com.PL.pig_ranch.service.ClientServiceIntegrationTest
[INFO] Running com.PL.pig_ranch.service.ClientServiceTest
[INFO] Tests run: 2, Failures: 0, Errors: 0, Skipped: 0, Time elapsed: 0.250 s -- in com.PL.pig_ranch.service.ClientServiceTest
[INFO] Running com.PL.pig_ranch.util.ClientUtilsTest
[INFO] Tests run: 5, Failures: 0, Errors: 0, Skipped: 0, Time elapsed: 0.009 s -- in com.PL.pig_ranch.util.ClientUtilsTest
[INFO] 
[INFO] Results:
[INFO] 
[INFO] Tests run: 13, Failures: 0, Errors: 0, Skipped: 0
[INFO] 
[INFO] ------------------------------------------------------------------------
[INFO] BUILD SUCCESS
[INFO] ------------------------------------------------------------------------
[INFO] Total time:  5.913 s
[INFO] Finished at: 2026-02-15T20:26:11-08:00
[INFO] ------------------------------------------------------------------------
